2026-07-09 22:11:17.315 INFO   Freerouting v2.1.0 (build-date: 2025-04-12)
2026-07-09 22:11:18.800 INFO   [8C778C\EF61A6] Job '8C778C\EF61A6' started at 2026-07-10T03:11:18.800352Z
2026-07-09 22:11:18.920 INFO   New version available: v2.2.4
2026-07-09 22:11:23.668 INFO   [8C778C\EF61A6] Auto-router pass #1 on board '20d736b10331e7d0f081af6b93f97009' was completed in 4.76 seconds with the score of 968.60 (13 unrouted), using 10.61 CPU seconds and 5646 MB memory.
{
  "host": "LaminarForge Rust benchmark,1",
  "unit": "mm",
  "board": {
    "bounding_box": {
      "x": 1181.0,
      "y": 61.0,
      "width": -1.0,
      "height": -881.0
    },
    "size": {
      "x": 0.0,
      "y": 0.0,
      "width": 1182.0,
      "height": 942.0
    }
  },
  "layers": {
    "total_count": 4,
    "signal_count": 4
  },
  "items": {
    "total_count": 1024,
    "trace_count": 460,
    "via_count": 150,
    "conduction_area_count": 4,
    "drill_item_count": 409,
    "pin_count": 0,
    "component_count": 0,
    "other_count": 1
  },
  "components": {
    "total_count": 155
  },
  "pads": {
    "total_count": 409
  },
  "nets": {
    "total_count": 79,
    "class_count": 1
  },
  "connections": {
    "maximum_count": 891,
    "incomplete_count": 13
  },
  "traces": {
    "total_count": 460,
    "total_segment_count": 895,
    "total_length": 48073.195,
    "total_weighted_length": 3.5653904E7,
    "average_length": 104.50694,
    "total_vertical_length": 20398.58,
    "total_horizontal_length": 20155.496,
    "total_angled_length": 5954.1904
  },
  "bends": {
    "total_count": 435,
    "90_degree_count": 241,
    "45_degree_count": 189,
    "other_angle_count": 5
  },
  "vias": {
    "total_count": 150,
    "through_hole_count": 150,
    "blind_count": 0,
    "buried_count": 0
  },
  "clearance_violations": {
    "total_count": 0
  }
}
