2026-07-09 22:11:34.482 INFO   Freerouting v2.1.0 (build-date: 2025-04-12)
2026-07-09 22:11:36.027 INFO   [711C45\D239C4] Job '711C45\D239C4' started at 2026-07-10T03:11:36.027445Z
2026-07-09 22:11:36.059 INFO   New version available: v2.2.4
2026-07-09 22:11:41.287 INFO   [711C45\D239C4] Auto-router pass #1 on board '20d736b10331e7d0f081af6b93f97009' was completed in 5.13 seconds with the score of 965.88 (15 unrouted), using 10.76 CPU seconds and 5570 MB memory.
2026-07-09 22:11:42.649 INFO   [711C45\D239C4] Auto-router pass #2 on board '2f8f804d3fd9196b54e0bb94f70e3323' was completed in 1.31 seconds with the score of 973.81 (8 unrouted), using 22.49 CPU seconds and 8610 MB memory.
2026-07-09 22:11:43.432 INFO   [711C45\D239C4] Auto-router pass #3 on board 'd4bf449e8b8a54ab8b121bcaa06576e5' was completed in 0.76 seconds with the score of 973.41 (8 unrouted), using 22.49 CPU seconds and 8610 MB memory.
2026-07-09 22:11:45.848 INFO   [711C45\D239C4] Auto-router pass #4 on board 'a4408de588857c6c35b4a0e81f2d0c86' was completed in 2.39 seconds with the score of 978.56 (3 unrouted), using 47.62 CPU seconds and 13517 MB memory.
2026-07-09 22:11:46.020 INFO   [711C45\D239C4] Auto-router pass #5 on board '25763c0fa9326d7a4a6bd15dcd0d160d' was completed in 0.15 seconds with the score of 978.56 (3 unrouted), using 47.62 CPU seconds and 13517 MB memory.
2026-07-09 22:11:46.192 INFO   [711C45\D239C4] Auto-router pass #6 on board '3168c5ac1c6d2319f1fd403763be38f5' was completed in 0.15 seconds with the score of 978.56 (3 unrouted), using 47.62 CPU seconds and 13517 MB memory.
2026-07-09 22:11:46.361 INFO   [711C45\D239C4] Auto-router pass #7 on board '2851a8322622b4c159572cd29c55fa91' was completed in 0.15 seconds with the score of 977.67 (4 unrouted), using 47.62 CPU seconds and 13517 MB memory.
2026-07-09 22:11:48.004 INFO   [711C45\D239C4] Auto-router pass #8 on board '39218080afee9f0e818c808dff9fa11c' was completed in 1.62 seconds with the score of 979.68 (2 unrouted), using 69.55 CPU seconds and 17010 MB memory.
2026-07-09 22:11:48.115 INFO   [711C45\D239C4] Auto-router pass #9 on board 'a7938e26babb581541b692cf9f42215b' was completed in 0.09 seconds with the score of 979.68 (2 unrouted), using 69.55 CPU seconds and 17010 MB memory.
2026-07-09 22:11:48.227 INFO   [711C45\D239C4] Auto-router pass #10 on board '3466c9b592ac691aea0244bd52c7f421' was completed in 0.09 seconds with the score of 979.68 (2 unrouted), using 69.55 CPU seconds and 17010 MB memory.
{
  "host": "LaminarForge Rust benchmark,1",
  "unit": "mm",
  "board": {
    "bounding_box": {
      "x": 1181.0,
      "y": 61.0,
      "width": -1.0,
      "height": -881.0
    },
    "size": {
      "x": 0.0,
      "y": 0.0,
      "width": 1182.0,
      "height": 942.0
    }
  },
  "layers": {
    "total_count": 4,
    "signal_count": 4
  },
  "items": {
    "total_count": 1074,
    "trace_count": 493,
    "via_count": 167,
    "conduction_area_count": 4,
    "drill_item_count": 409,
    "pin_count": 0,
    "component_count": 0,
    "other_count": 1
  },
  "components": {
    "total_count": 155
  },
  "pads": {
    "total_count": 409
  },
  "nets": {
    "total_count": 79,
    "class_count": 1
  },
  "connections": {
    "maximum_count": 941,
    "incomplete_count": 2
  },
  "traces": {
    "total_count": 493,
    "total_segment_count": 1013,
    "total_length": 54924.56,
    "total_weighted_length": 5.284923E7,
    "average_length": 111.408844,
    "total_vertical_length": 23361.793,
    "total_horizontal_length": 21883.771,
    "total_angled_length": 7796.067
  },
  "bends": {
    "total_count": 520,
    "90_degree_count": 241,
    "45_degree_count": 275,
    "other_angle_count": 4
  },
  "vias": {
    "total_count": 167,
    "through_hole_count": 167,
    "blind_count": 0,
    "buried_count": 0
  },
  "clearance_violations": {
    "total_count": 0
  }
}
